Testing server connectivity...

node : Γ¥î Cannot connect to server on localhost:3000
At line:1 char:25
+ Start-Sleep -Seconds 3; node test-final.js 2>&1 | Out-File 
test-outpu ...
+                         ~~~~~~~~~~~~~~~~~~~~~~~
    + CategoryInfo          : NotSpecified: (Γ¥î Cannot conn. 
   .. localhost:3000:String) [], RemoteException
    + FullyQualifiedErrorId : NativeCommandError
 
   Error details: ECONNREFUSED
